=== Storage Audit V2: Separate workdir and tmpdir ===
Strategy: GDB/GIX go to workdir, temp files go to dedicated tmpdir
du -sb on tmpdir captures deleted-but-open files

--- T=1 ---
  Persistent files (workdir): 1905.3 MB
  Peak temp files (tmpdir):   438.4 MB
  Peak total:                 2343.7 MB
  Files remaining in tmpdir:  0
--- T=2 ---
  Persistent files (workdir): 1905.3 MB
  Peak temp files (tmpdir):   438.4 MB
  Peak total:                 2343.7 MB
  Files remaining in tmpdir:  0
--- T=4 ---
  Persistent files (workdir): 1905.3 MB
  Peak temp files (tmpdir):   438.4 MB
  Peak total:                 2343.7 MB
  Files remaining in tmpdir:  0
--- T=8 ---
  Persistent files (workdir): 1905.3 MB
  Peak temp files (tmpdir):   438.4 MB
  Peak total:                 2343.7 MB
  Files remaining in tmpdir:  0
--- T=16 ---
  Persistent files (workdir): 1905.3 MB
  Peak temp files (tmpdir):   438.4 MB
  Peak total:                 2343.7 MB
  Files remaining in tmpdir:  0
--- T=32 ---
  Persistent files (workdir): 1905.3 MB
  Peak temp files (tmpdir):   438.4 MB
  Peak total:                 2343.7 MB
  Files remaining in tmpdir:  0

=== Summary ===
threads  peak_workdir_mb  peak_tmpdir_mb  peak_total_mb  peak_tmpdir_bytes
1        1905.3           438.4           2343.7         459744650
2        1905.3           438.4           2343.7         459748576
4        1905.3           438.4           2343.7         459748576
8        1905.3           438.4           2343.7         459752672
16       1905.3           438.4           2343.7         459756768
32       1905.3           438.4           2343.7         459756768

Detailed monitor logs: /work/shared/users/phd/jl4257/Project/genomics-agent/FASTGA/benchmarks/storage_audit_v2/
